DIVERGE SELECT adddate()
  GO  : ERR(1105)
  RUST: ERR(1064)
DIVERGE SELECT and(1,2)
  GO  : (1,)
  RUST: ERR(1105)
DIVERGE SELECT and('a','b')
  GO  : (0,)
  RUST: ERR(1105)
DIVERGE SELECT bin_to_uuid(1)
  GO  : ERR(1411)
  RUST: ERR(1105)
DIVERGE SELECT bin_to_uuid('a')
  GO  : ERR(1411)
  RUST: ERR(1105)
DIVERGE SELECT bin_to_uuid(1,2)
  GO  : ERR(1411)
  RUST: ERR(1105)
DIVERGE SELECT bin_to_uuid('a','b')
  GO  : ERR(1411)
  RUST: ERR(1105)
DIVERGE SELECT bitand(1,2)
  GO  : (0,)
  RUST: ERR(1105)
DIVERGE SELECT bitand('a','b')
  GO  : (0,)
  RUST: ERR(1105)
DIVERGE SELECT bitneg(1)
  GO  : (18446744073709551614,)
  RUST: ERR(1105)
DIVERGE SELECT bitneg('a')
  GO  : (18446744073709551615,)
  RUST: ERR(1105)
DIVERGE SELECT bitor(1,2)
  GO  : (3,)
  RUST: ERR(1105)
DIVERGE SELECT bitor('a','b')
  GO  : (0,)
  RUST: ERR(1105)
DIVERGE SELECT bitxor(1,2)
  GO  : (3,)
  RUST: ERR(1105)
DIVERGE SELECT bitxor('a','b')
  GO  : (0,)
  RUST: ERR(1105)
DIVERGE SELECT compress(1)
  GO  : (b'\x01\x00\x00\x00x\x9c2\x04\x04\x00\x00\xff\xff\x002\x002',)
  RUST: (b'\x01\x00\x00\x00x\x9c3\x04\x00\x002\x002',)
DIVERGE SELECT compress('a')
  GO  : (b'\x01\x00\x00\x00x\x9cJ\x04\x04\x00\x00\xff\xff\x00b\x00b',)
  RUST: (b'\x01\x00\x00\x00x\x9cK\x04\x00\x00b\x00b',)
DIVERGE SELECT connection_id()
  GO  : (2099048,)
  RUST: (2099132,)
DIVERGE SELECT default_func()
  GO  : ERR(1305)
  RUST: ERR(1582)
DIVERGE SELECT default_func(1,2)
  GO  : ERR(1305)
  RUST: ERR(1582)
DIVERGE SELECT default_func('a','b')
  GO  : ERR(1305)
  RUST: ERR(1582)
DIVERGE SELECT default_func(1.5,'a',NULL)
  GO  : ERR(1305)
  RUST: ERR(1582)
DIVERGE SELECT div(1,2)
  GO  : (Decimal('0.5000'),)
  RUST: ERR(1105)
DIVERGE SELECT div('a','b')
  GO  : (None,)
  RUST: ERR(1105)
DIVERGE SELECT eq(1,2)
  GO  : (0,)
  RUST: ERR(1105)
DIVERGE SELECT eq('a','b')
  GO  : (0,)
  RUST: ERR(1105)
DIVERGE SELECT from_days(1)
  GO  : ('0000-00-00',)
  RUST: (None,)
DIVERGE SELECT from_days('a')
  GO  : ('0000-00-00',)
  RUST: (None,)
DIVERGE SELECT from_unixtime('a')
  GO  : (datetime.datetime(1970, 1, 1, 8, 0),)
  RUST: (None,)
DIVERGE SELECT from_unixtime('a','b')
  GO  : ('b',)
  RUST: (None,)
DIVERGE SELECT fts_match_word(1,2)
  GO  : ERR(1235)
  RUST: ERR(1105)
DIVERGE SELECT fts_match_word('a','b')
  GO  : ERR(1235)
  RUST: ERR(1105)
DIVERGE SELECT ge(1,2)
  GO  : (0,)
  RUST: ERR(1105)
DIVERGE SELECT ge('a','b')
  GO  : (0,)
  RUST: ERR(1105)
DIVERGE SELECT get_format()
  GO  : ERR(1582)
  RUST: ERR(1064)
DIVERGE SELECT gt(1,2)
  GO  : (0,)
  RUST: ERR(1105)
DIVERGE SELECT gt('a','b')
  GO  : (0,)
  RUST: ERR(1105)
DIVERGE SELECT in()
  GO  : ERR(1105)
  RUST: ERR(1582)
DIVERGE SELECT in(1,2)
  GO  : (0,)
  RUST: ERR(1105)
DIVERGE SELECT in('a','b')
  GO  : (0,)
  RUST: ERR(1105)
DIVERGE SELECT in(1.5,'a',NULL)
  GO  : (None,)
  RUST: ERR(1105)
DIVERGE SELECT inet6_aton(1)
  GO  : (None,)
  RUST: ERR(1105)
DIVERGE SELECT inet6_aton('a')
  GO  : (None,)
  RUST: ERR(1105)
DIVERGE SELECT inet_aton('a')
  GO  : (None,)
  RUST: ERR(1105)
DIVERGE SELECT inet_ntoa('a')
  GO  : ('0.0.0.0',)
  RUST: ERR(1105)
DIVERGE SELECT intdiv(1,2)
  GO  : (0,)
  RUST: ERR(1105)
DIVERGE SELECT intdiv('a','b')
  GO  : (None,)
  RUST: ERR(1105)
DIVERGE SELECT interval()
  GO  : ERR(1582)
  RUST: ERR(1064)
DIVERGE SELECT interval(1)
  GO  : ERR(1582)
  RUST: ERR(1064)
DIVERGE SELECT interval('a')
  GO  : ERR(1582)
  RUST: ERR(1064)
DIVERGE SELECT isfalse(1)
  GO  : (0,)
  RUST: ERR(1105)
DIVERGE SELECT isfalse('a')
  GO  : (1,)
  RUST: ERR(1105)
DIVERGE SELECT istrue(1)
  GO  : (1,)
  RUST: ERR(1105)
DIVERGE SELECT istrue('a')
  GO  : (0,)
  RUST: ERR(1105)
DIVERGE SELECT json_array_append(1.5,'a',NULL)
  GO  : ERR(3143)
  RUST: ERR(1105)
DIVERGE SELECT json_array_insert(1.5,'a',NULL)
  GO  : ERR(3143)
  RUST: ERR(1105)
DIVERGE SELECT json_contains(1,2)
  GO  : ERR(3146)
  RUST: (0,)
DIVERGE SELECT json_contains(1.5,'a',NULL)
  GO  : ERR(3146)
  RUST: ERR(3140)
DIVERGE SELECT json_contains_path(1.5,'a',NULL)
  GO  : ERR(3146)
  RUST: ERR(1105)
DIVERGE SELECT json_depth(1)
  GO  : (1,)
  RUST: ERR(1105)
DIVERGE SELECT json_extract(1,2)
  GO  : ERR(3146)
  RUST: ERR(1105)
DIVERGE SELECT json_extract(1.5,'a',NULL)
  GO  : ERR(3146)
  RUST: ERR(1105)
DIVERGE SELECT json_insert(1.5,'a',NULL)
  GO  : ERR(3143)
  RUST: ERR(1105)
DIVERGE SELECT json_keys(1)
  GO  : ERR(3146)
  RUST: ERR(1105)
DIVERGE SELECT json_keys(1,2)
  GO  : ERR(3146)
  RUST: ERR(1105)
DIVERGE SELECT json_length(1)
  GO  : (1,)
  RUST: ERR(1105)
DIVERGE SELECT json_length(1,2)
  GO  : ERR(3143)
  RUST: ERR(1105)
DIVERGE SELECT json_memberof(1,2)
  GO  : ERR(3146)
  RUST: ERR(1105)
DIVERGE SELECT json_memberof('a','b')
  GO  : ERR(3140)
  RUST: ERR(1105)
DIVERGE SELECT json_object(1)
  GO  : ERR(1582)
  RUST: ERR(1105)
DIVERGE SELECT json_object('a')
  GO  : ERR(1582)
  RUST: ERR(1105)
DIVERGE SELECT json_object(1.5,'a',NULL)
  GO  : ERR(1582)
  RUST: ERR(1105)
DIVERGE SELECT json_overlaps(1,2)
  GO  : ERR(3146)
  RUST: (0,)
DIVERGE SELECT json_pretty(1)
  GO  : ('1',)
  RUST: ERR(1105)
DIVERGE SELECT json_remove(1,2)
  GO  : ERR(3143)
  RUST: ERR(1105)
DIVERGE SELECT json_remove(1.5,'a',NULL)
  GO  : ERR(3143)
  RUST: ERR(1105)
DIVERGE SELECT json_replace(1.5,'a',NULL)
  GO  : ERR(3143)
  RUST: ERR(1105)
DIVERGE SELECT json_schema_valid(1,2)
  GO  : ERR(3146)
  RUST: ERR(1105)
DIVERGE SELECT json_search(1.5,'a',NULL)
  GO  : ERR(3146)
  RUST: ERR(1105)
DIVERGE SELECT json_set(1.5,'a',NULL)
  GO  : ERR(3143)
  RUST: ERR(1105)
DIVERGE SELECT json_storage_free(1)
  GO  : (0,)
  RUST: ERR(1105)
DIVERGE SELECT json_storage_size(1)
  GO  : (9,)
  RUST: ERR(1105)
DIVERGE SELECT json_unquote(1)
  GO  : ERR(3064)
  RUST: ERR(1105)
DIVERGE SELECT lastval(1)
  GO  : ERR(1064)
  RUST: ERR(1105)
DIVERGE SELECT lastval('a')
  GO  : ERR(1146)
  RUST: ERR(1105)
DIVERGE SELECT lastval(1,2)
  GO  : ERR(1064)
  RUST: ERR(1582)
DIVERGE SELECT lastval('a','b')
  GO  : ERR(1064)
  RUST: ERR(1582)
DIVERGE SELECT lastval(1.5,'a',NULL)
  GO  : ERR(1064)
  RUST: ERR(1582)
DIVERGE SELECT le(1,2)
  GO  : (1,)
  RUST: ERR(1105)
DIVERGE SELECT le('a','b')
  GO  : (1,)
  RUST: ERR(1105)
DIVERGE SELECT leftshift(1,2)
  GO  : (4,)
  RUST: ERR(1105)
DIVERGE SELECT leftshift('a','b')
  GO  : (0,)
  RUST: ERR(1105)
DIVERGE SELECT localtime(1)
  GO  : (datetime.datetime(2026, 9, 22, 16, 43, 25, 800000),)
  RUST: (datetime.datetime(2026, 9, 22, 16, 43, 25, 900000),)
DIVERGE SELECT localtimestamp()
  GO  : (datetime.datetime(2026, 9, 22, 16, 43, 25),)
  RUST: (datetime.datetime(2026, 9, 22, 16, 43, 26),)
DIVERGE SELECT lt(1,2)
  GO  : (1,)
  RUST: ERR(1105)
DIVERGE SELECT lt('a','b')
  GO  : (1,)
  RUST: ERR(1105)
DIVERGE SELECT match_against(1,2)
  GO  : ERR(1235)
  RUST: ERR(1105)
DIVERGE SELECT match_against('a','b')
  GO  : ERR(1235)
  RUST: ERR(1105)
DIVERGE SELECT match_against(1.5,'a',NULL)
  GO  : ERR(1235)
  RUST: ERR(1105)
DIVERGE SELECT mid()
  GO  : ERR(1064)
  RUST: ERR(1582)
DIVERGE SELECT mid(1)
  GO  : ERR(1064)
  RUST: ERR(1582)
DIVERGE SELECT mid('a')
  GO  : ERR(1064)
  RUST: ERR(1582)
DIVERGE SELECT minus()
  GO  : CONN_ERR (1049, "Unknown database 'dtq'")
  RUST: ERR(1582)
DIVERGE SELECT minus(1)
  GO  : CONN_ERR (1049, "Unknown database 'dtq'")
  RUST: ERR(1582)
DIVERGE SELECT minus('a')
  GO  : CONN_ERR (1049, "Unknown database 'dtq'")
  RUST: ERR(1582)
DIVERGE SELECT minus(1,2)
  GO  : CONN_ERR (1049, "Unknown database 'dtq'")
  RUST: ERR(1105)
DIVERGE SELECT minus('a','b')
  GO  : CONN_ERR (1049, "Unknown database 'dtq'")
  RUST: ERR(1105)
DIVERGE SELECT minus(1.5,'a',NULL)
  GO  : CONN_ERR (1049, "Unknown database 'dtq'")
  RUST: ERR(1582)
DIVERGE SELECT minute()
  GO  : CONN_ERR (1049, "Unknown database 'dtq'")
  RUST: ERR(1582)
DIVERGE SELECT minute(1)
  GO  : CONN_ERR (1049, "Unknown database 'dtq'")
  RUST: (0,)
DIVERGE SELECT minute('a')
  GO  : CONN_ERR (1049, "Unknown database 'dtq'")
  RUST: (None,)
DIVERGE SELECT minute(1,2)
  GO  : CONN_ERR (1049, "Unknown database 'dtq'")
  RUST: ERR(1582)
DIVERGE SELECT minute('a','b')
  GO  : CONN_ERR (1049, "Unknown database 'dtq'")
  RUST: ERR(1582)
DIVERGE SELECT minute(1.5,'a',NULL)
  GO  : CONN_ERR (1049, "Unknown database 'dtq'")
  RUST: ERR(1582)
DIVERGE SELECT mod()
  GO  : CONN_ERR (1049, "Unknown database 'dtq'")
  RUST: ERR(1064)
DIVERGE SELECT mod(1)
  GO  : CONN_ERR (1049, "Unknown database 'dtq'")
  RUST: ERR(1064)
DIVERGE SELECT mod('a')
  GO  : CONN_ERR (1049, "Unknown database 'dtq'")
  RUST: ERR(1064)
DIVERGE SELECT mod(1,2)
  GO  : CONN_ERR (1049, "Unknown database 'dtq'")
  RUST: (1,)
DIVERGE SELECT mod('a','b')
  GO  : CONN_ERR (1049, "Unknown database 'dtq'")
  RUST: (None,)
DIVERGE SELECT mod(1.5,'a',NULL)
  GO  : CONN_ERR (1049, "Unknown database 'dtq'")
  RUST: ERR(1064)
total divergent probes: 120
